---
title: cicv lab4 e1000网卡驱动相关系统日志
description:  Linux驱动开发
pubDate: 07 26 2024
image: https://saroprock.oss-cn-hangzhou.aliyuncs.com/img/diary-968592_1280.jpg
tags:
  - 实验报告
  - 驱动开发
  - Linux
---

```bash
[    0.000000] Linux version 6.1.0-rc1 (root@momo) (Ubuntu clang version 14.0.04
[    0.000000] Command line: root=/dev/ram rdinit=sbin/init ip=10.0.2.15::10.0.k
[    0.000000] x86/fpu: x87 FPU will use FXSAVE
[    0.000000] signal: max sigframe size: 1440
[    0.000000] BIOS-provided physical RAM map:
[    0.000000] BIOS-e820: [mem 0x0000000000000000-0x000000000009fbff] usable
[    0.000000] BIOS-e820: [mem 0x000000000009fc00-0x000000000009ffff] reserved
[    0.000000] BIOS-e820: [mem 0x00000000000f0000-0x00000000000fffff] reserved
[    0.000000] BIOS-e820: [mem 0x0000000000100000-0x0000000007fdffff] usable
[    0.000000] BIOS-e820: [mem 0x0000000007fe0000-0x0000000007ffffff] reserved
[    0.000000] BIOS-e820: [mem 0x00000000fffc0000-0x00000000ffffffff] reserved
[    0.000000] NX (Execute Disable) protection: active
[    0.000000] SMBIOS 2.8 present.
[    0.000000] DMI: QEMU Standard PC (i440FX + PIIX, 1996), BIOS 1.15.0-1 04/014
[    0.000000] tsc: Fast TSC calibration using PIT
[    0.000000] tsc: Detected 3699.977 MHz processor
[    0.004733] last_pfn = 0x7fe0 max_arch_pfn = 0x400000000
[    0.005267] x86/PAT: Configuration [0-7]: WB  WC  UC- UC  WB  WP  UC- WT
[    0.011671] found SMP MP-table at [mem 0x000f5ba0-0x000f5baf]
[    0.016590] RAMDISK: [mem 0x07d47000-0x07fdffff]
[    0.017517] ACPI: Early table checksum verification disabled
[    0.017822] ACPI: RSDP 0x00000000000F59E0 000014 (v00 BOCHS )
[    0.018329] ACPI: RSDT 0x0000000007FE1905 000034 (v01 BOCHS  BXPC     000000)
[    0.018837] ACPI: FACP 0x0000000007FE17B9 000074 (v01 BOCHS  BXPC     000000)
[    0.019308] ACPI: DSDT 0x0000000007FE0040 001779 (v01 BOCHS  BXPC     000000)
[    0.019377] ACPI: FACS 0x0000000007FE0000 000040
[    0.019421] ACPI: APIC 0x0000000007FE182D 000078 (v01 BOCHS  BXPC     000000)
[    0.019443] ACPI: HPET 0x0000000007FE18A5 000038 (v01 BOCHS  BXPC     000000)
[    0.019459] ACPI: WAET 0x0000000007FE18DD 000028 (v01 BOCHS  BXPC     000000)
[    0.019532] ACPI: Reserving FACP table memory at [mem 0x7fe17b9-0x7fe182c]
[    0.019564] ACPI: Reserving DSDT table memory at [mem 0x7fe0040-0x7fe17b8]
[    0.019572] ACPI: Reserving FACS table memory at [mem 0x7fe0000-0x7fe003f]
[    0.019576] ACPI: Reserving APIC table memory at [mem 0x7fe182d-0x7fe18a4]
[    0.019581] ACPI: Reserving HPET table memory at [mem 0x7fe18a5-0x7fe18dc]
[    0.019585] ACPI: Reserving WAET table memory at [mem 0x7fe18dd-0x7fe1904]
[    0.020777] No NUMA configuration found
[    0.020792] Faking a node at [mem 0x0000000000000000-0x0000000007fdffff]
[    0.021238] NODE_DATA(0) allocated [mem 0x07d43000-0x07d46fff]
[    0.022669] Zone ranges:
[    0.022678]   DMA      [mem 0x0000000000001000-0x0000000000ffffff]
[    0.022767]   DMA32    [mem 0x0000000001000000-0x0000000007fdffff]
[    0.022773]   Normal   empty
[    0.022784] Movable zone start for each node
[    0.022801] Early memory node ranges
[    0.022820]   node   0: [mem 0x0000000000001000-0x000000000009efff]
[    0.022955]   node   0: [mem 0x0000000000100000-0x0000000007fdffff]
[    0.023077] Initmem setup node 0 [mem 0x0000000000001000-0x0000000007fdffff]
[    0.023806] On node 0, zone DMA: 1 pages in unavailable ranges
[    0.024014] On node 0, zone DMA: 97 pages in unavailable ranges
[    0.024749] On node 0, zone DMA32: 32 pages in unavailable ranges
[    0.024976] ACPI: PM-Timer IO Port: 0x608
[    0.025310] ACPI: LAPIC_NMI (acpi_id[0xff] dfl dfl lint[0x1])
[    0.025554] IOAPIC[0]: apic_id 0, version 32, address 0xfec00000, GSI 0-23
[    0.025631] ACPI: INT_SRC_OVR (bus 0 bus_irq 0 global_irq 2 dfl dfl)
[    0.025769] ACPI: INT_SRC_OVR (bus 0 bus_irq 5 global_irq 5 high level)
[    0.025792] ACPI: INT_SRC_OVR (bus 0 bus_irq 9 global_irq 9 high level)
[    0.025835] ACPI: INT_SRC_OVR (bus 0 bus_irq 10 global_irq 10 high level)
[    0.025839] ACPI: INT_SRC_OVR (bus 0 bus_irq 11 global_irq 11 high level)
[    0.026067] ACPI: Using ACPI (MADT) for SMP configuration information
[    0.026096] ACPI: HPET id: 0x8086a201 base: 0xfed00000
[    0.026290] smpboot: Allowing 1 CPUs, 0 hotplug CPUs
[    0.026831] PM: hibernation: Registered nosave memory: [mem 0x00000000-0x000]
[    0.026865] PM: hibernation: Registered nosave memory: [mem 0x0009f000-0x000]
[    0.026882] PM: hibernation: Registered nosave memory: [mem 0x000a0000-0x000]
[    0.026885] PM: hibernation: Registered nosave memory: [mem 0x000f0000-0x000]
[    0.026972] [mem 0x08000000-0xfffbffff] available for PCI devices
[    0.026988] Booting paravirtualized kernel on bare hardware
[    0.027219] clocksource: refined-jiffies: mask: 0xffffffff max_cycles: 0xfffs
[    0.036715] setup_percpu: NR_CPUS:64 nr_cpumask_bits:1 nr_cpu_ids:1 nr_node_1
[    0.038834] percpu: Embedded 54 pages/cpu s181248 r8192 d31744 u2097152
[    0.040949] Fallback order for Node 0: 0
[    0.041115] Built 1 zonelists, mobility grouping on.  Total pages: 31968
[    0.041134] Policy zone: DMA32
[    0.041289] Kernel command line: root=/dev/ram rdinit=sbin/init ip=10.0.2.15k
[    0.042876] Dentry cache hash table entries: 16384 (order: 5, 131072 bytes, )
[    0.042951] Inode-cache hash table entries: 8192 (order: 4, 65536 bytes, lin)
[    0.044513] mem auto-init: stack:off, heap alloc:off, heap free:off
[    0.048252] Memory: 83452K/130552K available (20492K kernel code, 2534K rwda)
[    0.051074] SLUB: HWalign=64, Order=0-3, MinObjects=0, CPUs=1, Nodes=1
[    0.063875] Dynamic Preempt: voluntary
[    0.067613] rcu: Preemptible hierarchical RCU implementation.
[    0.067682] rcu:     RCU event tracing is enabled.
[    0.067728] rcu:     RCU restricting CPUs from NR_CPUS=64 to nr_cpu_ids=1.
[    0.067873]  Trampoline variant of Tasks RCU enabled.
[    0.067965] rcu: RCU calculated value of scheduler-enlistment delay is 100 j.
[    0.067993] rcu: Adjusting geometry for rcu_fanout_leaf=16, nr_cpu_ids=1
[    0.074694] NR_IRQS: 4352, nr_irqs: 256, preallocated irqs: 16
[    0.078317] rcu: srcu_init: Setting srcu_struct sizes based on contention.
[    0.082519] Console: colour VGA+ 80x25
[    0.107169] printk: console [ttyS0] enabled
[    0.108630] ACPI: Core revision 20220331
[    0.113769] clocksource: hpet: mask: 0xffffffff max_cycles: 0xffffffff, max_s
[    0.117854] APIC: Switch to symmetric I/O mode setup
[    0.120939] ..TIMER: vector=0x30 apic1=0 pin1=2 apic2=-1 pin2=-1
[    0.121801] clocksource: tsc-early: mask: 0xffffffffffffffff max_cycles: 0x6s
[    0.124009] Calibrating delay loop (skipped), value calculated using timer f)
[    0.124827] pid_max: default: 32768 minimum: 301
[    0.125951] LSM: Security Framework initializing
[    0.126776] SELinux:  Initializing.
[    0.128653] Mount-cache hash table entries: 512 (order: 0, 4096 bytes, linea)
[    0.129107] Mountpoint-cache hash table entries: 512 (order: 0, 4096 bytes, )
[    0.146559] process: using AMD E400 aware idle routine
[    0.146758] Last level iTLB entries: 4KB 512, 2MB 255, 4MB 127
[    0.146758] Last level dTLB entries: 4KB 512, 2MB 255, 4MB 127, 1GB 0
[    0.147011] Spectre V1 : Mitigation: usercopy/swapgs barriers and __user poin
[    0.147453] Spectre V2 : Mitigation: Retpolines
[    0.147651] Spectre V2 : Spectre v2 / SpectreRSB mitigation: Filling RSB on h
[    0.148090] Spectre V2 : Spectre v2 / SpectreRSB : Filling RSB on VMEXIT
[    0.667758] Freeing SMP alternatives memory: 112K
[    0.726758] smpboot: CPU0: AMD QEMU Virtual CPU version 2.5+ (family: 0xf, m)
[    0.735539] cblist_init_generic: Setting adjustable number of callback queue.
[    0.735791] cblist_init_generic: Setting shift to 0 and lim to 1.
[    0.737331] Performance Events: PMU not available due to virtualization, usi.
[    0.740407] rcu: Hierarchical SRCU implementation.
[    0.740806] rcu:     Max phase no-delay instances is 400.
[    0.750413] smp: Bringing up secondary CPUs ...
[    0.750811] smp: Brought up 1 node, 1 CPU
[    0.750947] smpboot: Max logical packages: 1
[    0.751160] smpboot: Total of 1 processors activated (7399.95 BogoMIPS)
[    0.764899] devtmpfs: initialized
[    0.776758] clocksource: jiffies: mask: 0xffffffff max_cycles: 0xffffffff, ms
[    0.776863] futex hash table entries: 256 (order: 2, 16384 bytes, linear)
[    0.780414] PM: RTC time: 22:39:21, date: 2024-07-24
[    0.785442] NET: Registered PF_NETLINK/PF_ROUTE protocol family
[    0.788413] audit: initializing netlink subsys (disabled)
[    0.794195] audit: type=2000 audit(1721860760.674:1): state=initialized audi1
[    0.796758] thermal_sys: Registered thermal governor 'step_wise'
[    0.796758] thermal_sys: Registered thermal governor 'user_space'
[    0.799464] cpuidle: using governor menu
[    0.802010] PCI: Using configuration type 1 for base access
[    0.837620] kprobes: kprobe jump-optimization is enabled. All kprobes are op.
[    0.943758] HugeTLB: registered 2.00 MiB page size, pre-allocated 0 pages
[    0.943758] HugeTLB: 28 KiB vmemmap can be freed for a 2.00 MiB page
[    0.943758] ACPI: Added _OSI(Module Device)
[    0.943758] ACPI: Added _OSI(Processor Device)
[    0.943758] ACPI: Added _OSI(3.0 _SCP Extensions)
[    0.943758] ACPI: Added _OSI(Processor Aggregator Device)
[    0.943758] ACPI: 1 ACPI AML tables successfully acquired and loaded
[    0.943758] ACPI: Interpreter enabled
[    0.943758] ACPI: PM: (supports S0 S3 S4 S5)
[    0.943758] ACPI: Using IOAPIC for interrupt routing
[    0.943758] PCI: Using host bridge windows from ACPI; if necessary, use "pcig
[    0.943758] PCI: Using E820 reservations for host bridge windows
[    0.943758] ACPI: Enabled 2 GPEs in block 00 to 0F
[    0.943758] ACPI: PCI Root Bridge [PCI0] (domain 0000 [bus 00-ff])
[    0.943758] acpi PNP0A03:00: _OSC: OS supports [ASPM ClockPM Segments MSI HP]
[    0.943758] acpi PNP0A03:00: _OSC: not requesting OS control; OS requires [E]
[    0.945497] acpi PNP0A03:00: fail to add MMCONFIG information, can't access .
[    0.950012] PCI host bridge to bus 0000:00
[    0.950495] pci_bus 0000:00: root bus resource [io  0x0000-0x0cf7 window]
[    0.950819] pci_bus 0000:00: root bus resource [io  0x0d00-0xffff window]
[    0.951226] pci_bus 0000:00: root bus resource [mem 0x000a0000-0x000bffff wi]
[    0.951758] pci_bus 0000:00: root bus resource [mem 0x08000000-0xfebfffff wi]
[    0.952318] pci_bus 0000:00: root bus resource [mem 0x100000000-0x17fffffff ]
[    0.952758] pci_bus 0000:00: root bus resource [bus 00-ff]
[    0.953657] pci 0000:00:00.0: [8086:1237] type 00 class 0x060000
[    0.958862] pci 0000:00:01.0: [8086:7000] type 00 class 0x060100
[    0.960185] pci 0000:00:01.1: [8086:7010] type 00 class 0x010180
[    0.962890] pci 0000:00:01.1: reg 0x20: [io  0xc040-0xc04f]
[    0.964871] pci 0000:00:01.1: legacy IDE quirk: reg 0x10: [io  0x01f0-0x01f7]
[    0.965071] pci 0000:00:01.1: legacy IDE quirk: reg 0x14: [io  0x03f6]
[    0.965231] pci 0000:00:01.1: legacy IDE quirk: reg 0x18: [io  0x0170-0x0177]
[    0.965767] pci 0000:00:01.1: legacy IDE quirk: reg 0x1c: [io  0x0376]
[    0.966414] pci 0000:00:01.3: [8086:7113] type 00 class 0x068000
[    0.966813] pci 0000:00:01.3: quirk: [io  0x0600-0x063f] claimed by PIIX4 ACI
[    0.966978] pci 0000:00:01.3: quirk: [io  0x0700-0x070f] claimed by PIIX4 SMB
[    0.967364] pci 0000:00:02.0: [1234:1111] type 00 class 0x030000
[    0.967758] pci 0000:00:02.0: reg 0x10: [mem 0xfd000000-0xfdffffff pref]
[    0.968758] pci 0000:00:02.0: reg 0x18: [mem 0xfebb0000-0xfebb0fff]
[    0.969758] pci 0000:00:02.0: reg 0x30: [mem 0xfeba0000-0xfebaffff pref]
[    0.969953] pci 0000:00:02.0: Video device with shadowed ROM at [mem 0x000c0]
[    0.970758] pci 0000:00:03.0: [8086:100e] type 00 class 0x020000
[    0.970758] pci 0000:00:03.0: reg 0x10: [mem 0xfeb80000-0xfeb9ffff]
[    0.970758] pci 0000:00:03.0: reg 0x14: [io  0xc000-0xc03f]
[    0.970758] pci 0000:00:03.0: reg 0x30: [mem 0xfeb00000-0xfeb7ffff pref]
[    0.970758] ACPI: PCI: Interrupt link LNKA configured for IRQ 10
[    0.972323] ACPI: PCI: Interrupt link LNKB configured for IRQ 10
[    0.972715] ACPI: PCI: Interrupt link LNKC configured for IRQ 11
[    0.972758] ACPI: PCI: Interrupt link LNKD configured for IRQ 11
[    0.972758] ACPI: PCI: Interrupt link LNKS configured for IRQ 9
[    0.972758] iommu: Default domain type: Translated
[    0.972758] iommu: DMA domain TLB invalidation policy: lazy mode
[    0.972758] SCSI subsystem initialized
[    0.972758] ACPI: bus type USB registered
[    0.972758] usbcore: registered new interface driver usbfs
[    0.972758] usbcore: registered new interface driver hub
[    0.972758] usbcore: registered new device driver usb
[    0.972758] pps_core: LinuxPPS API ver. 1 registered
[    0.972758] pps_core: Software ver. 5.3.6 - Copyright 2005-2007 Rodolfo Giom>
[    0.972758] PTP clock support registered
[    0.972758] Advanced Linux Sound Architecture Driver Initialized.
[    0.974758] NetLabel: Initializing
[    0.974758] NetLabel:  domain hash size = 128
[    0.974758] NetLabel:  protocols = UNLABELED CIPSOv4 CALIPSO
[    0.974758] NetLabel:  unlabeled traffic allowed by default
[    0.974758] PCI: Using ACPI for IRQ routing
[    0.974758] pci 0000:00:02.0: vgaarb: setting as boot VGA device
[    0.974758] pci 0000:00:02.0: vgaarb: bridge control possible
[    0.974758] pci 0000:00:02.0: vgaarb: VGA device added: decodes=io+mem,owns=e
[    0.974758] vgaarb: loaded
[    0.974758] hpet: 3 channels of 0 reserved for per-cpu timers
[    0.974758] hpet0: at MMIO 0xfed00000, IRQs 2, 8, 0
[    0.974758] hpet0: 3 comparators, 64-bit 100.000000 MHz counter
[    0.974758] clocksource: Switched to clocksource tsc-early
[    0.974758] VFS: Disk quotas dquot_6.6.0
[    0.976089] VFS: Dquot-cache hash table entries: 512 (order 0, 4096 bytes)
[    0.976960] pnp: PnP ACPI init
[    0.976960] pnp: PnP ACPI: found 6 devices
[    0.992965] clocksource: acpi_pm: mask: 0xffffff max_cycles: 0xffffff, max_is
[    0.992965] NET: Registered PF_INET protocol family
[    0.992965] IP idents hash table entries: 2048 (order: 2, 16384 bytes, linea)
[    0.992965] tcp_listen_portaddr_hash hash table entries: 256 (order: 0, 4096)
[    0.992965] Table-perturb hash table entries: 65536 (order: 6, 262144 bytes,)
[    0.992965] TCP established hash table entries: 1024 (order: 1, 8192 bytes, )
[    0.992965] TCP bind hash table entries: 1024 (order: 3, 32768 bytes, linear)
[    0.992965] TCP: Hash tables configured (established 1024 bind 1024)
[    0.992965] UDP hash table entries: 256 (order: 1, 8192 bytes, linear)
[    0.992965] UDP-Lite hash table entries: 256 (order: 1, 8192 bytes, linear)
[    0.992965] NET: Registered PF_UNIX/PF_LOCAL protocol family
[    0.992965] RPC: Registered named UNIX socket transport module.
[    0.992965] RPC: Registered udp transport module.
[    0.992965] RPC: Registered tcp transport module.
[    0.992965] RPC: Registered tcp NFSv4.1 backchannel transport module.
[    1.009457] pci_bus 0000:00: resource 4 [io  0x0000-0x0cf7 window]
[    1.009457] pci_bus 0000:00: resource 5 [io  0x0d00-0xffff window]
[    1.009457] pci_bus 0000:00: resource 6 [mem 0x000a0000-0x000bffff window]
[    1.009457] pci_bus 0000:00: resource 7 [mem 0x08000000-0xfebfffff window]
[    1.009457] pci_bus 0000:00: resource 8 [mem 0x100000000-0x17fffffff window]
[    1.009457] pci 0000:00:01.0: PIIX3: Enabling Passive Release
[    1.009457] pci 0000:00:00.0: Limiting direct PCI/PCI transfers
[    1.009457] PCI: CLS 0 bytes, default 64
[    1.009457] Unpacking initramfs...
[    1.009457] Freeing initrd memory: 2660K
[    1.057327] Initialise system trusted keyrings
[    1.057327] workingset: timestamp_bits=56 max_order=15 bucket_order=0
[    1.057327] NFS: Registering the id_resolver key type
[    1.057327] Key type id_resolver registered
[    1.057327] Key type id_legacy registered
[    1.057327] 9p: Installing v9fs 9p2000 file system support
[    1.057327] Key type asymmetric registered
[    1.057327] Asymmetric key parser 'x509' registered
[    1.057327] Block layer SCSI generic (bsg) driver version 0.4 loaded (major )
[    1.057327] io scheduler mq-deadline registered
[    1.057327] io scheduler kyber registered
[    1.057327] input: Power Button as /devices/LNXSYSTM:00/LNXPWRBN:00/input/in0
[    1.057327] ACPI: button: Power Button [PWRF]
[    1.057327] Serial: 8250/16550 driver, 4 ports, IRQ sharing enabled
[    1.057327] 00:04: ttyS0 at I/O 0x3f8 (irq = 4, base_baud = 115200) is a 165A
[    1.169545] Non-volatile memory driver v1.3
[    1.169741] Linux agpgart interface v0.103
[    1.171015] ACPI: bus type drm_connector registered
[    1.185734] loop: module loaded
[    1.192218] scsi host0: ata_piix
[    1.194087] scsi host1: ata_piix
[    1.194505] ata1: PATA max MWDMA2 cmd 0x1f0 ctl 0x3f6 bmdma 0xc040 irq 14
[    1.194743] ata2: PATA max MWDMA2 cmd 0x170 ctl 0x376 bmdma 0xc048 irq 15
[    1.202196] e100: Intel(R) PRO/100 Network Driver
[    1.202512] e100: Copyright(c) 1999-2006 Intel Corporation
[    1.203032] e1000e: Intel(R) PRO/1000 Network Driver
[    1.203186] e1000e: Copyright(c) 1999 - 2015 Intel Corporation.
[    1.203489] sky2: driver version 1.30
[    1.206932] usbcore: registered new interface driver usblp
[    1.207213] usbcore: registered new interface driver usb-storage
[    1.207338] i8042: PNP: PS/2 Controller [PNP0303:KBD,PNP0f13:MOU] at 0x60,0x2
[    1.207338] serio: i8042 KBD port at 0x60,0x64 irq 1
[    1.207338] serio: i8042 AUX port at 0x60,0x64 irq 12
[    1.207338] input: AT Translated Set 2 keyboard as /devices/platform/i8042/s1
[    1.219298] rtc_cmos 00:05: registered as rtc0
[    1.219839] rtc_cmos 00:05: alarms up to one day, 242 bytes nvram, hpet irqs
[    1.220361] rtc_cmos 00:05: RTC can wake from S4
[    1.220925] fail to initialize ptp_kvm
[    1.221417] device-mapper: ioctl: 4.47.0-ioctl (2022-07-28) initialised: dm-m
[    1.222157] hid: raw HID events driver (C) Jiri Kosina
[    1.223278] usbcore: registered new interface driver usbhid
[    1.223455] usbhid: USB HID core driver
[    1.232035] Initializing XFRM netlink socket
[    1.233347] NET: Registered PF_INET6 protocol family
[    1.240672] Segment Routing with IPv6
[    1.240918] In-situ OAM (IOAM) with IPv6
[    1.241797] sit: IPv6, IPv4 and MPLS over IPv4 tunneling driver
[    1.244272] NET: Registered PF_PACKET protocol family
[    1.245336] 9pnet: Installing 9P2000 support
[    1.245650] Key type dns_resolver registered
[    1.245957] rust_chrdev: Rust character device sample (init)
[    1.247370] IPI shorthand broadcast: enabled
[    1.247813] sched_clock: Marking stable (1209623063, 38163224)->(1933269628,)
[    1.249719] registered taskstats version 1
[    1.249901] Loading compiled-in X.509 certificates
[    1.255371] cryptomgr_test (44) used greatest stack depth: 15480 bytes left
[    1.261658] PM:   Magic number: 0:279:705
[    1.263240] printk: console [netcon0] enabled
[    1.263427] netconsole: network logging started
[    1.326568] ata2: found unknown device (class 0)
[    1.332824] ata2.00: ATAPI: QEMU DVD-ROM, 2.5+, max UDMA/100
[    1.341342] scsi 1:0:0:0: CD-ROM            QEMU     QEMU DVD-ROM     2.5+ P5
[    1.434608] sr 1:0:0:0: [sr0] scsi3-mmc drive: 4x/4x cd/rw xa/form2 tray
[    1.435643] cdrom: Uniform CD-ROM driver Revision: 3.20
[    1.455316] sr 1:0:0:0: Attached scsi generic sg0 type 5
[    1.743336] input: ImExPS/2 Generic Explorer Mouse as /devices/platform/i8043
[    2.005440] tsc: Refined TSC clocksource calibration: 3699.991 MHz
[    2.005859] clocksource: tsc: mask: 0xffffffffffffffff max_cycles: 0x6aaa9b1s
[    2.006620] clocksource: Switched to clocksource tsc
[   14.051163] cfg80211: Loading compiled-in X.509 certificates for regulatory e
[   14.110256] modprobe (67) used greatest stack depth: 14176 bytes left
[   14.124686] cfg80211: Loaded X.509 cert 'sforshee: 00b28ddf47aef9cea7'
[   14.126159] platform regulatory.0: Direct firmware load for regulatory.db fa2
[   14.126734] cfg80211: failed to load regulatory.db
[   14.127991] ALSA device list:
[   14.128281]   No soundcards found.
[   14.175267] Freeing unused kernel image (initmem) memory: 1484K
[   14.175881] Write protecting the kernel read-only data: 28672k
[   14.178423] Freeing unused kernel image (text/rodata gap) memory: 2032K
[   14.179329] Freeing unused kernel image (rodata/data gap) memory: 704K
[   14.340802] x86/mm: Checked W+X mappings: passed, no W+X pages found.
[   14.341350] Run sbin/init as init process
[   14.371858] mount (72) used greatest stack depth: 14120 bytes left
[   14.474682] mdev (74) used greatest stack depth: 13952 bytes left
[   14.478475] mknod (75) used greatest stack depth: 13944 bytes left

Please press Enter to activate this console.
~ # ls ?l sd* ttyS*
ls: –l: No such file or directory
ls: sd*: No such file or directory
ls: ttyS*: No such file or directory
~ # ls -l sd* ttyS*
ls: sd*: No such file or directory
ls: ttyS*: No such file or directory
~ # cat /proc/devices
Character devices:
  1 mem
  4 /dev/vc/0
  4 tty
  4 ttyS
  5 /dev/tty
  5 /dev/console
  5 /dev/ptmx
  7 vcs
 10 misc
 13 input
 21 sg
116 alsa
128 ptm
136 pts
180 usb
189 usb_device
202 cpu/msr
203 cpu/cpuid
226 drm
248 rust_chrdev
249 hidraw
250 usbmon
251 bsg
252 ptp
253 pps
254 rtc

Block devices:
  7 loop
  8 sd
  9 md
 11 sr
 65 sd
 66 sd
 67 sd
 68 sd
 69 sd
 70 sd
 71 sd
128 sd
129 sd
130 sd
131 sd
132 sd
133 sd
134 sd
135 sd
252 device-mapper
253 virtblk
254 mdp
259 blkext
~ # echo "Hello" > /dev/cicv
~ # cat /dev/cicv
Hello
~ # cat /proc/devices
Character devices:
  1 mem
  4 /dev/vc/0
  4 tty
  4 ttyS
  5 /dev/tty
  5 /dev/console
  5 /dev/ptmx
  7 vcs
 10 misc
 13 input
 21 sg
116 alsa
128 ptm
136 pts
180 usb
189 usb_device
202 cpu/msr
203 cpu/cpuid
226 drm
248 rust_chrdev
249 hidraw
250 usbmon
251 bsg
252 ptp
253 pps
254 rtc

Block devices:
  7 loop
  8 sd
  9 md
 11 sr
 65 sd
 66 sd
 67 sd
 68 sd
 69 sd
 70 sd
 71 sd
128 sd
129 sd
130 sd
131 sd
132 sd
133 sd
134 sd
135 sd
252 device-mapper
253 virtblk
254 mdp
259 blkext
~ # echo "miaomiaomiao" > /dev/cicv
~ # cat /dev/cicv
miaomiaomiao
~ # echo "miaomiaomiao" > /dev/cicv
~ # echo "wangwangwang" > /dev/cicv
~ # cat /dev/cicv
wangwangwang
~ # cat /dev/cicv
wangwangwang
~ # cat /dev/cicv
wangwangwang
~ # [  332.886202] kworker/dying (28) used greatest stack depth: 13608 bytes let
dmesg
[    0.000000] Linux version 6.1.0-rc1 (root@momo) (Ubuntu clang version 14.0.04
[    0.000000] Command line: root=/dev/ram rdinit=sbin/init ip=10.0.2.15::10.0.k
[    0.000000] x86/fpu: x87 FPU will use FXSAVE
[    0.000000] signal: max sigframe size: 1440
[    0.000000] BIOS-provided physical RAM map:
[    0.000000] BIOS-e820: [mem 0x0000000000000000-0x000000000009fbff] usable
[    0.000000] BIOS-e820: [mem 0x000000000009fc00-0x000000000009ffff] reserved
[    0.000000] BIOS-e820: [mem 0x00000000000f0000-0x00000000000fffff] reserved
[    0.000000] BIOS-e820: [mem 0x0000000000100000-0x0000000007fdffff] usable
[    0.000000] BIOS-e820: [mem 0x0000000007fe0000-0x0000000007ffffff] reserved
[    0.000000] BIOS-e820: [mem 0x00000000fffc0000-0x00000000ffffffff] reserved
[    0.000000] NX (Execute Disable) protection: active
[    0.000000] SMBIOS 2.8 present.
[    0.000000] DMI: QEMU Standard PC (i440FX + PIIX, 1996), BIOS 1.15.0-1 04/014
[    0.000000] tsc: Fast TSC calibration using PIT
[    0.000000] tsc: Detected 3699.977 MHz processor
[    0.004455] e820: update [mem 0x00000000-0x00000fff] usable ==> reserved
[    0.004594] e820: remove [mem 0x000a0000-0x000fffff] usable
[    0.004733] last_pfn = 0x7fe0 max_arch_pfn = 0x400000000
[    0.005267] x86/PAT: Configuration [0-7]: WB  WC  UC- UC  WB  WP  UC- WT
[    0.011671] found SMP MP-table at [mem 0x000f5ba0-0x000f5baf]
[    0.016590] RAMDISK: [mem 0x07d47000-0x07fdffff]
[    0.017517] ACPI: Early table checksum verification disabled
[    0.017822] ACPI: RSDP 0x00000000000F59E0 000014 (v00 BOCHS )
[    0.018329] ACPI: RSDT 0x0000000007FE1905 000034 (v01 BOCHS  BXPC     000000)
[    0.018837] ACPI: FACP 0x0000000007FE17B9 000074 (v01 BOCHS  BXPC     000000)
[    0.019308] ACPI: DSDT 0x0000000007FE0040 001779 (v01 BOCHS  BXPC     000000)
[    0.019377] ACPI: FACS 0x0000000007FE0000 000040
[    0.019421] ACPI: APIC 0x0000000007FE182D 000078 (v01 BOCHS  BXPC     000000)
[    0.019443] ACPI: HPET 0x0000000007FE18A5 000038 (v01 BOCHS  BXPC     000000)
[    0.019459] ACPI: WAET 0x0000000007FE18DD 000028 (v01 BOCHS  BXPC     000000)
[    0.019532] ACPI: Reserving FACP table memory at [mem 0x7fe17b9-0x7fe182c]
[    0.019564] ACPI: Reserving DSDT table memory at [mem 0x7fe0040-0x7fe17b8]
[    0.019572] ACPI: Reserving FACS table memory at [mem 0x7fe0000-0x7fe003f]
[    0.019576] ACPI: Reserving APIC table memory at [mem 0x7fe182d-0x7fe18a4]
[    0.019581] ACPI: Reserving HPET table memory at [mem 0x7fe18a5-0x7fe18dc]
[    0.019585] ACPI: Reserving WAET table memory at [mem 0x7fe18dd-0x7fe1904]
[    0.020777] No NUMA configuration found
[    0.020792] Faking a node at [mem 0x0000000000000000-0x0000000007fdffff]
[    0.021238] NODE_DATA(0) allocated [mem 0x07d43000-0x07d46fff]
[    0.022669] Zone ranges:
[    0.022678]   DMA      [mem 0x0000000000001000-0x0000000000ffffff]
[    0.022767]   DMA32    [mem 0x0000000001000000-0x0000000007fdffff]
[    0.022773]   Normal   empty
[    0.022784] Movable zone start for each node
[    0.022801] Early memory node ranges
[    0.022820]   node   0: [mem 0x0000000000001000-0x000000000009efff]
[    0.022955]   node   0: [mem 0x0000000000100000-0x0000000007fdffff]
[    0.023077] Initmem setup node 0 [mem 0x0000000000001000-0x0000000007fdffff]
[    0.023806] On node 0, zone DMA: 1 pages in unavailable ranges
[    0.024014] On node 0, zone DMA: 97 pages in unavailable ranges
[    0.024749] On node 0, zone DMA32: 32 pages in unavailable ranges
[    0.024976] ACPI: PM-Timer IO Port: 0x608
[    0.025310] ACPI: LAPIC_NMI (acpi_id[0xff] dfl dfl lint[0x1])
[    0.025554] IOAPIC[0]: apic_id 0, version 32, address 0xfec00000, GSI 0-23
[    0.025631] ACPI: INT_SRC_OVR (bus 0 bus_irq 0 global_irq 2 dfl dfl)
[    0.025769] ACPI: INT_SRC_OVR (bus 0 bus_irq 5 global_irq 5 high level)
[    0.025792] ACPI: INT_SRC_OVR (bus 0 bus_irq 9 global_irq 9 high level)
[    0.025835] ACPI: INT_SRC_OVR (bus 0 bus_irq 10 global_irq 10 high level)
[    0.025839] ACPI: INT_SRC_OVR (bus 0 bus_irq 11 global_irq 11 high level)
[    0.026067] ACPI: Using ACPI (MADT) for SMP configuration information
[    0.026096] ACPI: HPET id: 0x8086a201 base: 0xfed00000
[    0.026290] smpboot: Allowing 1 CPUs, 0 hotplug CPUs
[    0.026831] PM: hibernation: Registered nosave memory: [mem 0x00000000-0x000]
[    0.026865] PM: hibernation: Registered nosave memory: [mem 0x0009f000-0x000]
[    0.026882] PM: hibernation: Registered nosave memory: [mem 0x000a0000-0x000]
[    0.026885] PM: hibernation: Registered nosave memory: [mem 0x000f0000-0x000]
[    0.026972] [mem 0x08000000-0xfffbffff] available for PCI devices
[    0.026988] Booting paravirtualized kernel on bare hardware
[    0.027219] clocksource: refined-jiffies: mask: 0xffffffff max_cycles: 0xfffs
[    0.036715] setup_percpu: NR_CPUS:64 nr_cpumask_bits:1 nr_cpu_ids:1 nr_node_1
[    0.038834] percpu: Embedded 54 pages/cpu s181248 r8192 d31744 u2097152
[    0.039401] pcpu-alloc: s181248 r8192 d31744 u2097152 alloc=1*2097152
[    0.039465] pcpu-alloc: [0] 0
[    0.040949] Fallback order for Node 0: 0
[    0.041115] Built 1 zonelists, mobility grouping on.  Total pages: 31968
[    0.041134] Policy zone: DMA32
[    0.041289] Kernel command line: root=/dev/ram rdinit=sbin/init ip=10.0.2.15k
[    0.042876] Dentry cache hash table entries: 16384 (order: 5, 131072 bytes, )
[    0.042951] Inode-cache hash table entries: 8192 (order: 4, 65536 bytes, lin)
[    0.044513] mem auto-init: stack:off, heap alloc:off, heap free:off
[    0.048252] Memory: 83452K/130552K available (20492K kernel code, 2534K rwda)
[    0.051074] SLUB: HWalign=64, Order=0-3, MinObjects=0, CPUs=1, Nodes=1
[    0.063875] Dynamic Preempt: voluntary
[    0.067613] rcu: Preemptible hierarchical RCU implementation.
[    0.067682] rcu:     RCU event tracing is enabled.
[    0.067728] rcu:     RCU restricting CPUs from NR_CPUS=64 to nr_cpu_ids=1.
[    0.067873]  Trampoline variant of Tasks RCU enabled.
[    0.067965] rcu: RCU calculated value of scheduler-enlistment delay is 100 j.
[    0.067993] rcu: Adjusting geometry for rcu_fanout_leaf=16, nr_cpu_ids=1
[    0.074694] NR_IRQS: 4352, nr_irqs: 256, preallocated irqs: 16
[    0.078317] rcu: srcu_init: Setting srcu_struct sizes based on contention.
[    0.082519] Console: colour VGA+ 80x25
[    0.107169] printk: console [ttyS0] enabled
[    0.108630] ACPI: Core revision 20220331
[    0.113769] clocksource: hpet: mask: 0xffffffff max_cycles: 0xffffffff, max_s
[    0.117854] APIC: Switch to symmetric I/O mode setup
[    0.120939] ..TIMER: vector=0x30 apic1=0 pin1=2 apic2=-1 pin2=-1
[    0.121801] clocksource: tsc-early: mask: 0xffffffffffffffff max_cycles: 0x6s
[    0.124009] Calibrating delay loop (skipped), value calculated using timer f)
[    0.124827] pid_max: default: 32768 minimum: 301
[    0.125951] LSM: Security Framework initializing
[    0.126776] SELinux:  Initializing.
[    0.128653] Mount-cache hash table entries: 512 (order: 0, 4096 bytes, linea)
[    0.129107] Mountpoint-cache hash table entries: 512 (order: 0, 4096 bytes, )
[    0.146559] process: using AMD E400 aware idle routine
[    0.146758] Last level iTLB entries: 4KB 512, 2MB 255, 4MB 127
[    0.146758] Last level dTLB entries: 4KB 512, 2MB 255, 4MB 127, 1GB 0
[    0.147011] Spectre V1 : Mitigation: usercopy/swapgs barriers and __user poin
[    0.147453] Spectre V2 : Mitigation: Retpolines
[    0.147651] Spectre V2 : Spectre v2 / SpectreRSB mitigation: Filling RSB on h
[    0.148090] Spectre V2 : Spectre v2 / SpectreRSB : Filling RSB on VMEXIT
[    0.667758] Freeing SMP alternatives memory: 112K
[    0.726758] smpboot: CPU0: AMD QEMU Virtual CPU version 2.5+ (family: 0xf, m)
[    0.735539] cblist_init_generic: Setting adjustable number of callback queue.
[    0.735791] cblist_init_generic: Setting shift to 0 and lim to 1.
[    0.737331] Performance Events: PMU not available due to virtualization, usi.
[    0.740407] rcu: Hierarchical SRCU implementation.
[    0.740806] rcu:     Max phase no-delay instances is 400.
[    0.750413] smp: Bringing up secondary CPUs ...
[    0.750811] smp: Brought up 1 node, 1 CPU
[    0.750947] smpboot: Max logical packages: 1
[    0.751160] smpboot: Total of 1 processors activated (7399.95 BogoMIPS)
[    0.764899] devtmpfs: initialized
[    0.776758] clocksource: jiffies: mask: 0xffffffff max_cycles: 0xffffffff, ms
[    0.776863] futex hash table entries: 256 (order: 2, 16384 bytes, linear)
[    0.780414] PM: RTC time: 22:39:21, date: 2024-07-24
[    0.785442] NET: Registered PF_NETLINK/PF_ROUTE protocol family
[    0.788413] audit: initializing netlink subsys (disabled)
[    0.794195] audit: type=2000 audit(1721860760.674:1): state=initialized audi1
[    0.796758] thermal_sys: Registered thermal governor 'step_wise'
[    0.796758] thermal_sys: Registered thermal governor 'user_space'
[    0.799464] cpuidle: using governor menu
[    0.802010] PCI: Using configuration type 1 for base access
[    0.837620] kprobes: kprobe jump-optimization is enabled. All kprobes are op.
[    0.943758] HugeTLB: registered 2.00 MiB page size, pre-allocated 0 pages
[    0.943758] HugeTLB: 28 KiB vmemmap can be freed for a 2.00 MiB page
[    0.943758] ACPI: Added _OSI(Module Device)
[    0.943758] ACPI: Added _OSI(Processor Device)
[    0.943758] ACPI: Added _OSI(3.0 _SCP Extensions)
[    0.943758] ACPI: Added _OSI(Processor Aggregator Device)
[    0.943758] ACPI: 1 ACPI AML tables successfully acquired and loaded
[    0.943758] ACPI: Interpreter enabled
[    0.943758] ACPI: PM: (supports S0 S3 S4 S5)
[    0.943758] ACPI: Using IOAPIC for interrupt routing
[    0.943758] PCI: Using host bridge windows from ACPI; if necessary, use "pcig
[    0.943758] PCI: Using E820 reservations for host bridge windows
[    0.943758] ACPI: Enabled 2 GPEs in block 00 to 0F
[    0.943758] ACPI: PCI Root Bridge [PCI0] (domain 0000 [bus 00-ff])
[    0.943758] acpi PNP0A03:00: _OSC: OS supports [ASPM ClockPM Segments MSI HP]
[    0.943758] acpi PNP0A03:00: _OSC: not requesting OS control; OS requires [E]
[    0.945497] acpi PNP0A03:00: fail to add MMCONFIG information, can't access .
[    0.950012] PCI host bridge to bus 0000:00
[    0.950495] pci_bus 0000:00: root bus resource [io  0x0000-0x0cf7 window]
[    0.950819] pci_bus 0000:00: root bus resource [io  0x0d00-0xffff window]
[    0.951226] pci_bus 0000:00: root bus resource [mem 0x000a0000-0x000bffff wi]
[    0.951758] pci_bus 0000:00: root bus resource [mem 0x08000000-0xfebfffff wi]
[    0.952318] pci_bus 0000:00: root bus resource [mem 0x100000000-0x17fffffff ]
[    0.952758] pci_bus 0000:00: root bus resource [bus 00-ff]
[    0.953657] pci 0000:00:00.0: [8086:1237] type 00 class 0x060000
[    0.958862] pci 0000:00:01.0: [8086:7000] type 00 class 0x060100
[    0.960185] pci 0000:00:01.1: [8086:7010] type 00 class 0x010180
[    0.962890] pci 0000:00:01.1: reg 0x20: [io  0xc040-0xc04f]
[    0.964871] pci 0000:00:01.1: legacy IDE quirk: reg 0x10: [io  0x01f0-0x01f7]
[    0.965071] pci 0000:00:01.1: legacy IDE quirk: reg 0x14: [io  0x03f6]
[    0.965231] pci 0000:00:01.1: legacy IDE quirk: reg 0x18: [io  0x0170-0x0177]
[    0.965767] pci 0000:00:01.1: legacy IDE quirk: reg 0x1c: [io  0x0376]
[    0.966414] pci 0000:00:01.3: [8086:7113] type 00 class 0x068000
[    0.966813] pci 0000:00:01.3: quirk: [io  0x0600-0x063f] claimed by PIIX4 ACI
[    0.966978] pci 0000:00:01.3: quirk: [io  0x0700-0x070f] claimed by PIIX4 SMB
[    0.967364] pci 0000:00:02.0: [1234:1111] type 00 class 0x030000
[    0.967758] pci 0000:00:02.0: reg 0x10: [mem 0xfd000000-0xfdffffff pref]
[    0.968758] pci 0000:00:02.0: reg 0x18: [mem 0xfebb0000-0xfebb0fff]
[    0.969758] pci 0000:00:02.0: reg 0x30: [mem 0xfeba0000-0xfebaffff pref]
[    0.969953] pci 0000:00:02.0: Video device with shadowed ROM at [mem 0x000c0]
[    0.970758] pci 0000:00:03.0: [8086:100e] type 00 class 0x020000
[    0.970758] pci 0000:00:03.0: reg 0x10: [mem 0xfeb80000-0xfeb9ffff]
[    0.970758] pci 0000:00:03.0: reg 0x14: [io  0xc000-0xc03f]
[    0.970758] pci 0000:00:03.0: reg 0x30: [mem 0xfeb00000-0xfeb7ffff pref]
[    0.970758] ACPI: PCI: Interrupt link LNKA configured for IRQ 10
[    0.972323] ACPI: PCI: Interrupt link LNKB configured for IRQ 10
[    0.972715] ACPI: PCI: Interrupt link LNKC configured for IRQ 11
[    0.972758] ACPI: PCI: Interrupt link LNKD configured for IRQ 11
[    0.972758] ACPI: PCI: Interrupt link LNKS configured for IRQ 9
[    0.972758] iommu: Default domain type: Translated
[    0.972758] iommu: DMA domain TLB invalidation policy: lazy mode
[    0.972758] SCSI subsystem initialized
[    0.972758] libata version 3.00 loaded.
[    0.972758] ACPI: bus type USB registered
[    0.972758] usbcore: registered new interface driver usbfs
[    0.972758] usbcore: registered new interface driver hub
[    0.972758] usbcore: registered new device driver usb
[    0.972758] pps_core: LinuxPPS API ver. 1 registered
[    0.972758] pps_core: Software ver. 5.3.6 - Copyright 2005-2007 Rodolfo Giom>
[    0.972758] PTP clock support registered
[    0.972758] Advanced Linux Sound Architecture Driver Initialized.
[    0.974758] NetLabel: Initializing
[    0.974758] NetLabel:  domain hash size = 128
[    0.974758] NetLabel:  protocols = UNLABELED CIPSOv4 CALIPSO
[    0.974758] NetLabel:  unlabeled traffic allowed by default
[    0.974758] PCI: Using ACPI for IRQ routing
[    0.974758] PCI: pci_cache_line_size set to 64 bytes
[    0.974758] e820: reserve RAM buffer [mem 0x0009fc00-0x0009ffff]
[    0.974758] e820: reserve RAM buffer [mem 0x07fe0000-0x07ffffff]
[    0.974758] pci 0000:00:02.0: vgaarb: setting as boot VGA device
[    0.974758] pci 0000:00:02.0: vgaarb: bridge control possible
[    0.974758] pci 0000:00:02.0: vgaarb: VGA device added: decodes=io+mem,owns=e
[    0.974758] vgaarb: loaded
[    0.974758] hpet: 3 channels of 0 reserved for per-cpu timers
[    0.974758] hpet0: at MMIO 0xfed00000, IRQs 2, 8, 0
[    0.974758] hpet0: 3 comparators, 64-bit 100.000000 MHz counter
[    0.974758] clocksource: Switched to clocksource tsc-early
[    0.974758] VFS: Disk quotas dquot_6.6.0
[    0.976089] VFS: Dquot-cache hash table entries: 512 (order 0, 4096 bytes)
[    0.976960] pnp: PnP ACPI init
[    0.976960] pnp 00:02: [dma 2]
[    0.976960] pnp: PnP ACPI: found 6 devices
[    0.992965] clocksource: acpi_pm: mask: 0xffffff max_cycles: 0xffffff, max_is
[    0.992965] NET: Registered PF_INET protocol family
[    0.992965] IP idents hash table entries: 2048 (order: 2, 16384 bytes, linea)
[    0.992965] tcp_listen_portaddr_hash hash table entries: 256 (order: 0, 4096)
[    0.992965] Table-perturb hash table entries: 65536 (order: 6, 262144 bytes,)
[    0.992965] TCP established hash table entries: 1024 (order: 1, 8192 bytes, )
[    0.992965] TCP bind hash table entries: 1024 (order: 3, 32768 bytes, linear)
[    0.992965] TCP: Hash tables configured (established 1024 bind 1024)
[    0.992965] UDP hash table entries: 256 (order: 1, 8192 bytes, linear)
[    0.992965] UDP-Lite hash table entries: 256 (order: 1, 8192 bytes, linear)
[    0.992965] NET: Registered PF_UNIX/PF_LOCAL protocol family
[    0.992965] RPC: Registered named UNIX socket transport module.
[    0.992965] RPC: Registered udp transport module.
[    0.992965] RPC: Registered tcp transport module.
[    0.992965] RPC: Registered tcp NFSv4.1 backchannel transport module.
[    1.009457] pci_bus 0000:00: resource 4 [io  0x0000-0x0cf7 window]
[    1.009457] pci_bus 0000:00: resource 5 [io  0x0d00-0xffff window]
[    1.009457] pci_bus 0000:00: resource 6 [mem 0x000a0000-0x000bffff window]
[    1.009457] pci_bus 0000:00: resource 7 [mem 0x08000000-0xfebfffff window]
[    1.009457] pci_bus 0000:00: resource 8 [mem 0x100000000-0x17fffffff window]
[    1.009457] pci 0000:00:01.0: PIIX3: Enabling Passive Release
[    1.009457] pci 0000:00:00.0: Limiting direct PCI/PCI transfers
[    1.009457] PCI: CLS 0 bytes, default 64
[    1.009457] Unpacking initramfs...
[    1.009457] Freeing initrd memory: 2660K
[    1.057327] Initialise system trusted keyrings
[    1.057327] workingset: timestamp_bits=56 max_order=15 bucket_order=0
[    1.057327] NFS: Registering the id_resolver key type
[    1.057327] Key type id_resolver registered
[    1.057327] Key type id_legacy registered
[    1.057327] 9p: Installing v9fs 9p2000 file system support
[    1.057327] Key type asymmetric registered
[    1.057327] Asymmetric key parser 'x509' registered
[    1.057327] Block layer SCSI generic (bsg) driver version 0.4 loaded (major )
[    1.057327] io scheduler mq-deadline registered
[    1.057327] io scheduler kyber registered
[    1.057327] input: Power Button as /devices/LNXSYSTM:00/LNXPWRBN:00/input/in0
[    1.057327] ACPI: button: Power Button [PWRF]
[    1.057327] Serial: 8250/16550 driver, 4 ports, IRQ sharing enabled
[    1.057327] 00:04: ttyS0 at I/O 0x3f8 (irq = 4, base_baud = 115200) is a 165A
[    1.169545] Non-volatile memory driver v1.3
[    1.169741] Linux agpgart interface v0.103
[    1.171015] ACPI: bus type drm_connector registered
[    1.185734] loop: module loaded
[    1.186921] ata_piix 0000:00:01.1: version 2.13
[    1.192218] scsi host0: ata_piix
[    1.194087] scsi host1: ata_piix
[    1.194505] ata1: PATA max MWDMA2 cmd 0x1f0 ctl 0x3f6 bmdma 0xc040 irq 14
[    1.194743] ata2: PATA max MWDMA2 cmd 0x170 ctl 0x376 bmdma 0xc048 irq 15
[    1.202196] e100: Intel(R) PRO/100 Network Driver
[    1.202512] e100: Copyright(c) 1999-2006 Intel Corporation
[    1.203032] e1000e: Intel(R) PRO/1000 Network Driver
[    1.203186] e1000e: Copyright(c) 1999 - 2015 Intel Corporation.
[    1.203489] sky2: driver version 1.30
[    1.206932] usbcore: registered new interface driver usblp
[    1.207213] usbcore: registered new interface driver usb-storage
[    1.207338] i8042: PNP: PS/2 Controller [PNP0303:KBD,PNP0f13:MOU] at 0x60,0x2
[    1.207338] serio: i8042 KBD port at 0x60,0x64 irq 1
[    1.207338] serio: i8042 AUX port at 0x60,0x64 irq 12
[    1.207338] input: AT Translated Set 2 keyboard as /devices/platform/i8042/s1
[    1.219298] rtc_cmos 00:05: registered as rtc0
[    1.219839] rtc_cmos 00:05: alarms up to one day, 242 bytes nvram, hpet irqs
[    1.220361] rtc_cmos 00:05: RTC can wake from S4
[    1.220925] fail to initialize ptp_kvm
[    1.221417] device-mapper: ioctl: 4.47.0-ioctl (2022-07-28) initialised: dm-m
[    1.222157] hid: raw HID events driver (C) Jiri Kosina
[    1.223278] usbcore: registered new interface driver usbhid
[    1.223455] usbhid: USB HID core driver
[    1.232035] Initializing XFRM netlink socket
[    1.233347] NET: Registered PF_INET6 protocol family
[    1.240672] Segment Routing with IPv6
[    1.240918] In-situ OAM (IOAM) with IPv6
[    1.241797] sit: IPv6, IPv4 and MPLS over IPv4 tunneling driver
[    1.244272] NET: Registered PF_PACKET protocol family
[    1.245336] 9pnet: Installing 9P2000 support
[    1.245650] Key type dns_resolver registered
[    1.245957] rust_chrdev: Rust character device sample (init)
[    1.247370] IPI shorthand broadcast: enabled
[    1.247813] sched_clock: Marking stable (1209623063, 38163224)->(1933269628,)
[    1.249719] registered taskstats version 1
[    1.249901] Loading compiled-in X.509 certificates
[    1.255371] cryptomgr_test (44) used greatest stack depth: 15480 bytes left
[    1.261658] PM:   Magic number: 0:279:705
[    1.263240] printk: console [netcon0] enabled
[    1.263427] netconsole: network logging started
[    1.326568] ata2: found unknown device (class 0)
[    1.332824] ata2.00: ATAPI: QEMU DVD-ROM, 2.5+, max UDMA/100
[    1.341342] scsi 1:0:0:0: CD-ROM            QEMU     QEMU DVD-ROM     2.5+ P5
[    1.434608] sr 1:0:0:0: [sr0] scsi3-mmc drive: 4x/4x cd/rw xa/form2 tray
[    1.435643] cdrom: Uniform CD-ROM driver Revision: 3.20
[    1.453142] sr 1:0:0:0: Attached scsi CD-ROM sr0
[    1.455316] sr 1:0:0:0: Attached scsi generic sg0 type 5
[    1.743336] input: ImExPS/2 Generic Explorer Mouse as /devices/platform/i8043
[    2.005440] tsc: Refined TSC clocksource calibration: 3699.991 MHz
[    2.005859] clocksource: tsc: mask: 0xffffffffffffffff max_cycles: 0x6aaa9b1s
[    2.006620] clocksource: Switched to clocksource tsc
[   14.051163] cfg80211: Loading compiled-in X.509 certificates for regulatory e
[   14.110256] modprobe (67) used greatest stack depth: 14176 bytes left
[   14.124686] cfg80211: Loaded X.509 cert 'sforshee: 00b28ddf47aef9cea7'
[   14.126159] platform regulatory.0: Direct firmware load for regulatory.db fa2
[   14.126734] cfg80211: failed to load regulatory.db
[   14.127991] ALSA device list:
[   14.128281]   No soundcards found.
[   14.175267] Freeing unused kernel image (initmem) memory: 1484K
[   14.175881] Write protecting the kernel read-only data: 28672k
[   14.178423] Freeing unused kernel image (text/rodata gap) memory: 2032K
[   14.179329] Freeing unused kernel image (rodata/data gap) memory: 704K
[   14.340802] x86/mm: Checked W+X mappings: passed, no W+X pages found.
[   14.341350] Run sbin/init as init process
[   14.341497]   with arguments:
[   14.341510]     sbin/init
[   14.341521]   with environment:
[   14.341529]     HOME=/
[   14.341538]     TERM=linux
[   14.371858] mount (72) used greatest stack depth: 14120 bytes left
[   14.474682] mdev (74) used greatest stack depth: 13952 bytes left
[   14.478475] mknod (75) used greatest stack depth: 13944 bytes left
[  332.886202] kworker/dying (28) used greatest stack depth: 13608 bytes left
~ #
```